2026-09-29 08:03:39,841 - INFO - 成功解析URL: https://raw.githubusercontent.com/slasjh/xlive/refs/heads/main/category/3p.txt 分类数: 1
2026-09-29 08:03:39,998 - INFO - 成功解析URL: https://raw.githubusercontent.com/slasjh/xlive/refs/heads/main/category/houru.txt 分类数: 1
2026-09-29 08:03:40,185 - INFO - 成功解析URL: https://raw.githubusercontent.com/slasjh/xlive/refs/heads/main/category/guochan.txt 分类数: 1
2026-09-29 08:03:40,378 - INFO - 成功解析URL: https://raw.githubusercontent.com/slasjh/xlive/refs/heads/main/category/jiaochuang.txt 分类数: 1
2026-09-29 08:03:40,599 - INFO - 成功解析URL: https://raw.githubusercontent.com/slasjh/xlive/refs/heads/main/category/lulian.txt 分类数: 1
2026-09-29 08:03:40,777 - INFO - 成功解析URL: https://raw.githubusercontent.com/slasjh/xlive/refs/heads/main/category/shunv.txt 分类数: 1
2026-09-29 08:03:40,924 - INFO - 成功解析URL: https://raw.githubusercontent.com/slasjh/xlive/refs/heads/main/category/tunjing.txt 分类数: 1
2026-09-29 08:03:41,101 - INFO - 成功解析URL: https://raw.githubusercontent.com/slasjh/xlive/refs/heads/main/category/tai.txt 分类数: 1
2026-09-29 08:03:41,291 - INFO - 成功解析URL: https://raw.githubusercontent.com/slasjh/xlive/refs/heads/main/category/duibai.txt 分类数: 1
2026-09-29 08:03:41,444 - INFO - 成功解析URL: https://raw.githubusercontent.com/slasjh/xlive/refs/heads/main/category/haiyun.txt 分类数: 1
2026-09-29 08:03:41,587 - INFO - 成功解析URL: https://raw.githubusercontent.com/slasjh/xlive/refs/heads/main/category/penshui.txt 分类数: 1
2026-09-29 08:03:41,807 - INFO - 成功解析URL: https://raw.githubusercontent.com/slasjh/xlive/refs/heads/main/category/haoru.txt 分类数: 1
2026-09-29 08:03:41,964 - INFO - 成功解析URL: https://raw.githubusercontent.com/slasjh/xlive/refs/heads/main/category/ziwei.txt 分类数: 1
2026-09-29 08:03:42,121 - INFO - 成功解析URL: https://raw.githubusercontent.com/slasjh/xlive/refs/heads/main/category/3pjiao.txt 分类数: 1
2026-09-29 08:03:42,251 - INFO - 成功解析URL: https://raw.githubusercontent.com/slasjh/xlive/refs/heads/main/category/chinajiao.txt 分类数: 1
2026-09-29 08:03:42,421 - INFO - 成功解析URL: https://raw.githubusercontent.com/slasjh/xlive/refs/heads/main/category/chinalian.txt 分类数: 1
2026-09-29 08:03:42,552 - INFO - 成功解析URL: https://raw.githubusercontent.com/slasjh/xlive/refs/heads/main/category/talksjh.txt 分类数: 1
2026-09-29 08:03:42,724 - INFO - 成功解析URL: https://raw.githubusercontent.com/slasjh/xlive/refs/heads/main/category/houlian.txt 分类数: 1
2026-09-29 08:03:42,871 - INFO - 成功解析URL: https://raw.githubusercontent.com/slasjh/xlive/refs/heads/main/category/3plulianjiao.txt 分类数: 0
2026-09-29 08:03:43,047 - INFO - 成功解析URL: https://raw.githubusercontent.com/slasjh/xlive/refs/heads/main/category/dm.txt 分类数: 1
2026-09-29 08:03:43,052 - INFO - 直播文件生成完成
